// Jest Snapshot v1, https://goo.gl/fbAQLP

exports[`Box tests basic tests matches the snapshot 1`] = `
.c0 {
  width: 100%;
  position: relative;
  height: auto;
  border-radius: 6px;
  background-color: #fff;
  box-shadow: 0 0 8px 0 rgba(99,105,110,0.12);
  padding: 30px 36px;
  margin-bottom: 28px;
  font-family: Poppins,sans-serif;
}

.c1 {
  display: -webkit-box;
  display: -webkit-flex;
  display: -ms-flexbox;
  display: flex;
  width: 200%;
}

.c2 {
  display: -webkit-box;
  display: -webkit-flex;
  display: -ms-flexbox;
  display: flex;
  height: auto;
  -webkit-flex-basis: 50%;
  -ms-flex-preferred-size: 50%;
  flex-basis: 50%;
  -webkit-flex-wrap: wrap;
  -ms-flex-wrap: wrap;
  flex-wrap: wrap;
  overflow: hidden;
}

.c3 {
  -webkit-box-flex: 1;
  -webkit-flex-grow: 1;
  -ms-flex-positive: 1;
  flex-grow: 1;
  -webkit-flex-shrink: 1;
  -ms-flex-negative: 1;
  flex-shrink: 1;
  -webkit-flex-basis: 50%;
  -ms-flex-preferred-size: 50%;
  flex-basis: 50%;
}

.c5 {
  -webkit-flex-basis: 40px;
  -ms-flex-preferred-size: 40px;
  flex-basis: 40px;
  -webkit-box-pack: end;
  -webkit-justify-content: flex-end;
  -ms-flex-pack: end;
  justify-content: flex-end;
  display: -webkit-box;
  display: -webkit-flex;
  display: -ms-flexbox;
  display: flex;
}

.c4 {
  height: 36px;
  font-size: 22px;
  font-weight: 600;
  line-height: 1.27;
  -webkit-letter-spacing: normal;
  -moz-letter-spacing: normal;
  -ms-letter-spacing: normal;
  letter-spacing: normal;
  color: #4b4c5c;
}

.c6 {
  width: 100%;
  display: block;
}

.c7 {
  width: 100%;
  padding-right: 20px;
  font-family: Muli,sans-serif;
  font-size: 14px;
  line-height: 1.29;
  -webkit-letter-spacing: normal;
  -moz-letter-spacing: normal;
  -ms-letter-spacing: normal;
  letter-spacing: normal;
  color: #a4aeb8;
}

.c13 {
  width: 27px;
  border: none;
  background: none;
  padding: 0;
  cursor: pointer;
  color: #A1A8F2;
}

.c8 {
  -webkit-flex-basis: 100%;
  -ms-flex-preferred-size: 100%;
  flex-basis: 100%;
  -webkit-box-flex: 1;
  -webkit-flex-grow: 1;
  -ms-flex-positive: 1;
  flex-grow: 1;
  margin-top: 25px;
}

.c9 {
  background: #fff;
  overflow: hidden;
  height: 0;
  -webkit-flex-basis: 0;
  -ms-flex-preferred-size: 0;
  flex-basis: 0;
}

.c10 {
  display: none;
  position: absolute;
  right: 29px;
  top: 29px;
  width: 21px;
  height: 21px;
  border: none;
  background: none;
  padding: 0;
  cursor: pointer;
  color: #DFDFE8;
}

.c12 {
  margin-bottom: 15px;
  display: -webkit-box;
  display: -webkit-flex;
  display: -ms-flexbox;
  display: flex;
  -webkit-align-items: center;
  -webkit-box-align: center;
  -ms-flex-align: center;
  align-items: center;
  -webkit-box-pack: center;
  -webkit-justify-content: center;
  -ms-flex-pack: center;
  justify-content: center;
}

.c15 {
  font-size: 16px;
  font-weight: 600;
  line-height: 1.75;
  color: #4b4c5c;
  margin-left: 20px;
}

.c11 {
  width: 100%;
  height: 100%;
  fill: currentColor;
}

.c14 {
  width: 100%;
  height: 100%;
  fill: currentColor;
}

<div
  className="c0"
  id="box"
>
  <div
    className="c1"
  >
    <div
      className="c2"
      open={true}
    >
      <div
        className="c3"
      >
        <div
          checked={undefined}
          className="c4"
          type={undefined}
        >
          test
        </div>
      </div>
      <div
        className="c5"
      />
      <div
        className="c6"
      />
      <div
        className="c3"
      >
        <div
          className="c7"
        />
      </div>
      <div
        className="c5"
      />
      <div
        className="c8"
      />
    </div>
    <div
      className="c9"
      open={false}
    >
      <button
        className="c10"
        onClick={[Function]}
        open={false}
      >
        <svg
          aria-hidden="true"
          className="c11"
          focusable="false"
          role={undefined}
          viewBox="0 0 32 32"
        >
          <path
            d="M15.77817 14.36396l7.07107-7.07107c.39053-.39052 1.0237-.39052 1.41422 0 .39052.39053.39052 1.0237 0 1.41422l-7.07107 7.07106 7.07107 7.07107c.39052.39053.39052 1.0237 0 1.41422-.39053.39052-1.0237.39052-1.41422 0l-7.07107-7.07107-7.07106 7.07107c-.39053.39052-1.0237.39052-1.41422 0-.39052-.39053-.39052-1.0237 0-1.41422l7.07107-7.07107L7.2929 8.70711c-.39052-.39053-.39052-1.0237 0-1.41422.39053-.39052 1.0237-.39052 1.41422 0l7.07106 7.07107z"
          />
        </svg>
      </button>
      <div
        className="c12"
      >
        <button
          className="c13"
        >
          <svg
            aria-hidden="true"
            className="c14"
            focusable="false"
            role={undefined}
            viewBox="0 0 32 32"
          >
            <path
              d="M21.1997 17c-.551 0-1-.448-1-1s.449-1 1-1c.551 0 1 .448 1 1s-.449 1-1 1m5.8-2h-2.984c-.414-1.162-1.514-2-2.816-2-1.302 0-2.402.838-2.816 2H4.9997c-.552 0-1 .448-1 1s.448 1 1 1h13.384c.415 1.162 1.514 2 2.816 2 1.302 0 2.402-.838 2.816-2h2.984c.553 0 1-.448 1-1s-.447-1-1-1m-16 11c-.551 0-1-.448-1-1s.449-1 1-1c.552 0 1 .448 1 1s-.448 1-1 1m16-2h-13.184c-.414-1.162-1.514-2-2.816-2-1.301 0-2.401.838-2.816 2h-3.184c-.552 0-1 .448-1 1s.448 1 1 1h3.185c.414 1.162 1.514 2 2.815 2 1.302 0 2.402-.838 2.816-2h13.184c.553 0 1-.448 1-1s-.447-1-1-1m-12.8-18c.551 0 1 .448 1 1s-.449 1-1 1c-.551 0-1-.448-1-1s.449-1 1-1m-9.2 2h6.384c.415 1.162 1.514 2 2.816 2 1.302 0 2.402-.838 2.816-2h9.984c.553 0 1-.448 1-1s-.447-1-1-1h-9.984c-.414-1.162-1.514-2-2.816-2-1.302 0-2.402.838-2.816 2h-6.384c-.552 0-1 .448-1 1s.448 1 1 1"
              fillRule="evenodd"
            />
          </svg>
        </button>
        <div
          className="c15"
        >
          test
           
          MISSING: settings
        </div>
      </div>
    </div>
  </div>
</div>
`;
