// Jest Snapshot v1, https://goo.gl/fbAQLP

exports[`Grant complete tests basic tests matches the snapshot 1`] = `
.c0 {
  text-align: center;
  width: 100%;
  margin: 40px 0 0;
  font-family: Poppins,sans-serif;
}

.c1 {
  border-radius: 6px;
  background-color: #f1f1f5;
  padding: 5px 10px 20px;
}

.c2 {
  font-size: 14px;
  font-weight: 300;
  line-height: 1.57;
  color: #838391;
  margin: 11px 0 5px;
}

.c3 {
  font-size: 18px;
  line-height: 1.22;
  text-align: center;
  color: #c12d7c;
}

.c4 {
  font-family: Muli,sans-serif;
  font-size: 14px;
  line-height: 1.29;
  color: #838391;
  margin: 44px 0 32px;
}

.c5 {
  --button-main-color: #FB542B;
  --button-main-color-hover: #F43405;
  --button-main-color-active: #FDBBAA;
  --button-state-color: var(--button-main-color);
  --icon-size: 18px;
  --icon-spacing: 6px;
  --webkit-appearance: none;
  box-sizing: border-box;
  background: none;
  border: none;
  outline: none;
  display: -webkit-box;
  display: -webkit-flex;
  display: -ms-flexbox;
  display: flex;
  -webkit-flex-direction: row-reverse;
  -ms-flex-direction: row-reverse;
  flex-direction: row-reverse;
  -webkit-box-pack: center;
  -webkit-justify-content: center;
  -ms-flex-pack: center;
  justify-content: center;
  -webkit-align-items: center;
  -webkit-box-align: center;
  -ms-flex-align: center;
  align-items: center;
  font-family: Poppins,sans-serif;
  cursor: pointer;
  -webkit-user-select: none;
  -moz-user-select: none;
  -ms-user-select: none;
  user-select: none;
  font-size: 14px;
  border-radius: 28px;
  width: 100%;
  min-width: 235px;
  padding: 19px 15px;
  color: #fff;
  background: var(--button-state-color);
}

.c5:hover:enabled {
  --button-state-color: var(--button-main-color-hover);
}

.c5:active:enabled {
  --button-state-color: var(--button-main-color-active);
}

.c6 {
  min-height: var(--icon-size);
  display: -webkit-box;
  display: -webkit-flex;
  display: -ms-flexbox;
  display: flex;
  -webkit-align-items: center;
  -webkit-box-align: center;
  -ms-flex-align: center;
  align-items: center;
  text-align: center;
  -webkit-letter-spacing: 0;
  -moz-letter-spacing: 0;
  -ms-letter-spacing: 0;
  letter-spacing: 0;
  font-weight: 600;
  text-transform: uppercase;
  line-height: 1;
}

<div
  className="c0"
  id="complete"
>
  <div
    className="c1"
  >
    <div
      className="c2"
    >
      MISSING: newTokenGrant
    </div>
    <div
      className="c3"
    >
       BAT
    </div>
    <div
      className="c2"
    >
      MISSING: grantExpire
    </div>
    <div
      className="c3"
    />
  </div>
  <div
    className="c4"
  >
    MISSING: grantDisclaimer
  </div>
  <button
    className="c5"
    onClick={undefined}
    size="call-to-action"
    type="accent"
  >
    <div
      className="c6"
      onClick={undefined}
      size="call-to-action"
      type="accent"
    >
      MISSING: ok
    </div>
  </button>
</div>
`;
