// Jest Snapshot v1, https://goo.gl/fbAQLP

exports[`WalletWrapper tests basic tests matches the snapshot 1`] = `
.c0 {
  border-radius: 6px;
  box-shadow: 0 0 8px 0 rgba(99,105,110,0.12);
  overflow: hidden;
  font-family: Poppins,sans-serif;
  width: 373px;
  background: url(test-file-stub) no-repeat top left, linear-gradient(172deg,#392dd1,rgba(255,26,26,0.53)), linear-gradient(#7d7bdc,#7d7bdc);
  min-height: 715px;
  display: -webkit-box;
  display: -webkit-flex;
  display: -ms-flexbox;
  display: flex;
  -webkit-flex-direction: column;
  -ms-flex-direction: column;
  flex-direction: column;
}

.c1 {
  padding: 16px 21px 0 19px;
  position: relative;
}

.c2 {
  font-size: 16px;
  font-weight: 500;
  line-height: 1.38;
  -webkit-letter-spacing: -0.2px;
  -moz-letter-spacing: -0.2px;
  -ms-letter-spacing: -0.2px;
  letter-spacing: -0.2px;
  color: rgba(255,255,255,0.65);
}

.c3 {
  text-align: center;
}

.c6 {
  display: -webkit-box;
  display: -webkit-flex;
  display: -ms-flexbox;
  display: flex;
  -webkit-box-pack: center;
  -webkit-justify-content: center;
  -ms-flex-pack: center;
  justify-content: center;
}

.c4 {
  font-size: 36px;
  line-height: 0.61;
  -webkit-letter-spacing: -0.4px;
  -moz-letter-spacing: -0.4px;
  -ms-letter-spacing: -0.4px;
  letter-spacing: -0.4px;
  color: #fff;
  margin-top: 10px;
}

.c12 {
  padding: 11px 25px 19px;
  position: relative;
  background: #f9fbfc;
  -webkit-flex: 1;
  -ms-flex: 1;
  flex: 1;
}

.c10 {
  text-align: center;
  font-size: 12px;
  color: #fff;
  display: -webkit-box;
  display: -webkit-flex;
  display: -ms-flexbox;
  display: flex;
  -webkit-box-pack: space-around;
  -webkit-justify-content: space-around;
  -ms-flex-pack: space-around;
  justify-content: space-around;
  margin: 20px 0 0;
  padding-bottom: 20px;
}

.c5 {
  text-transform: uppercase;
  opacity: 0.66;
  font-family: Muli,sans-serif;
  font-size: 16px;
  line-height: 0.88;
  color: #fff;
}

.c11 {
  padding: 10px 0;
  position: relative;
  overflow: hidden;
  margin: 0 -21px 0 -19px;
  z-index: 5;
}

.c11:before {
  content: "";
  position: absolute;
  bottom: -16px;
  margin-left: -50%;
  height: 240px;
  width: 200%;
  border-radius: 100%;
  border: 20px solid #f9fbfc;
}

.c7 {
  --button-main-color: #C5C5D3;
  --button-main-color-hover: #C5C5D3;
  --button-main-color-active: #C5C5D3;
  --button-state-color: var(--button-main-color);
  --icon-size: 14px;
  --icon-spacing: 6px;
  --webkit-appearance: none;
  box-sizing: border-box;
  background: none;
  border: none;
  outline: none;
  display: -webkit-box;
  display: -webkit-flex;
  display: -ms-flexbox;
  display: flex;
  -webkit-flex-direction: row;
  -ms-flex-direction: row;
  flex-direction: row;
  -webkit-box-pack: center;
  -webkit-justify-content: center;
  -ms-flex-pack: center;
  justify-content: center;
  -webkit-align-items: center;
  -webkit-box-align: center;
  -ms-flex-align: center;
  align-items: center;
  font-family: Poppins,sans-serif;
  cursor: default;
  -webkit-user-select: none;
  -moz-user-select: none;
  -ms-user-select: none;
  user-select: none;
  font-size: 11px;
  border-radius: 16px;
  width: auto;
  min-width: 88px;
  padding: 7px 10px;
  border: 1px solid;
  color: var(--button-state-color);
}

.c7:hover:enabled {
  --button-state-color: var(--button-main-color-hover);
}

.c7:active:enabled {
  --button-state-color: var(--button-main-color-active);
}

.c8 {
  min-height: var(--icon-size);
  display: -webkit-box;
  display: -webkit-flex;
  display: -ms-flexbox;
  display: flex;
  -webkit-align-items: center;
  -webkit-box-align: center;
  -ms-flex-align: center;
  align-items: center;
  text-align: center;
  -webkit-letter-spacing: 0;
  -moz-letter-spacing: 0;
  -ms-letter-spacing: 0;
  letter-spacing: 0;
  font-weight: 600;
  text-transform: none;
  line-height: 1;
}

.c9 {
  display: block;
  line-height: 0;
  height: var(--icon-size);
  width: var(--icon-size);
  margin: 0 -4px 0 var(--icon-spacing);
}

<div
  className="c0"
  id="panel"
>
  <div
    className="c1"
  >
    <div
      className="c2"
    >
      MISSING: yourWallet
    </div>
    <div
      className="c3"
    >
      <div
        className="c4"
      >
        00.00
         
        <span
          className="c5"
        >
          BAT
        </span>
      </div>
      <div
        className="c6"
      >
        <button
          className="c7"
          disabled={true}
          icon={
            Object {
              "image": <svg
                height="5"
                width="8"
                xmlns="http://www.w3.org/2000/svg"
              >
                <path
                  d="M4 4.56a.558.558 0 0 1-.396-.164L.164.956A.56.56 0 1 1 .957.164L4 3.207 7.044.164a.56.56 0 0 1 .792.792l-3.44 3.44A.557.557 0 0 1 4 4.56z"
                  fill="#FFF"
                  fillOpacity="0.55"
                  fillRule="evenodd"
                />
              </svg>,
              "position": "after",
            }
          }
          onClick={undefined}
          size="small"
          type="subtle"
        >
          <div
            className="c8"
            disabled={true}
            icon={
              Object {
                "image": <svg
                  height="5"
                  width="8"
                  xmlns="http://www.w3.org/2000/svg"
                >
                  <path
                    d="M4 4.56a.558.558 0 0 1-.396-.164L.164.956A.56.56 0 1 1 .957.164L4 3.207 7.044.164a.56.56 0 0 1 .792.792l-3.44 3.44A.557.557 0 0 1 4 4.56z"
                    fill="#FFF"
                    fillOpacity="0.55"
                    fillRule="evenodd"
                  />
                </svg>,
                "position": "after",
              }
            }
            onClick={undefined}
            size="small"
            type="subtle"
          >
            MISSING: grants
          </div>
          <div
            className="c9"
            disabled={true}
            icon={
              Object {
                "image": <svg
                  height="5"
                  width="8"
                  xmlns="http://www.w3.org/2000/svg"
                >
                  <path
                    d="M4 4.56a.558.558 0 0 1-.396-.164L.164.956A.56.56 0 1 1 .957.164L4 3.207 7.044.164a.56.56 0 0 1 .792.792l-3.44 3.44A.557.557 0 0 1 4 4.56z"
                    fill="#FFF"
                    fillOpacity="0.55"
                    fillRule="evenodd"
                  />
                </svg>,
                "position": "after",
              }
            }
            onClick={undefined}
            size="small"
            type="subtle"
          >
            <svg
              height="5"
              width="8"
              xmlns="http://www.w3.org/2000/svg"
            >
              <path
                d="M4 4.56a.558.558 0 0 1-.396-.164L.164.956A.56.56 0 1 1 .957.164L4 3.207 7.044.164a.56.56 0 0 1 .792.792l-3.44 3.44A.557.557 0 0 1 4 4.56z"
                fill="#FFF"
                fillOpacity="0.55"
                fillRule="evenodd"
              />
            </svg>
          </div>
        </button>
      </div>
    </div>
    <div
      className="c10"
    />
    <div
      className="c11"
    />
  </div>
  <div
    className="c12"
  />
</div>
`;
