// Jest Snapshot v1, https://goo.gl/fbAQLP

exports[`MainToggle tests basic tests matches the snapshot 1`] = `
.c0 {
  font-family: Poppins,sans-serif;
  position: relative;
  display: -webkit-box;
  display: -webkit-flex;
  display: -ms-flexbox;
  display: flex;
  width: 100%;
  border-radius: 6px;
  background-color: #dee2e6;
  border: 1px solid #dbdfe3;
  -webkit-box-pack: justify;
  -webkit-justify-content: space-between;
  -ms-flex-pack: justify;
  justify-content: space-between;
  -webkit-align-items: flex-start;
  -webkit-box-align: flex-start;
  -ms-flex-align: flex-start;
  align-items: flex-start;
  -webkit-align-content: flex-start;
  -ms-flex-line-pack: start;
  align-content: flex-start;
  -webkit-flex-wrap: wrap;
  -ms-flex-wrap: wrap;
  flex-wrap: wrap;
  padding: 22px 34px 18px;
  margin-bottom: 25px;
}

.c1 {
  -webkit-box-flex: 1;
  -webkit-flex-grow: 1;
  -ms-flex-positive: 1;
  flex-grow: 1;
  -webkit-flex-shrink: 1;
  -ms-flex-negative: 1;
  flex-shrink: 1;
  display: -webkit-box;
  display: -webkit-flex;
  display: -ms-flexbox;
  display: flex;
  -webkit-align-items: center;
  -webkit-box-align: center;
  -ms-flex-align: center;
  align-items: center;
}

.c6 {
  padding: 10px 0 0;
  display: -webkit-box;
  display: -webkit-flex;
  display: -ms-flexbox;
  display: flex;
  height: 66px;
  -webkit-align-items: center;
  -webkit-box-align: center;
  -ms-flex-align: center;
  align-items: center;
}

.c4 {
  font-size: 28px;
  font-weight: 600;
  -webkit-letter-spacing: 0.2px;
  -moz-letter-spacing: 0.2px;
  -ms-letter-spacing: 0.2px;
  letter-spacing: 0.2px;
  color: #4b4c5c;
  margin: 4px 0 0 11px;
}

.c5 {
  font-size: 10px;
  font-weight: 300;
  -webkit-letter-spacing: 0.2px;
  -moz-letter-spacing: 0.2px;
  -ms-letter-spacing: 0.2px;
  letter-spacing: 0.2px;
  text-align: center;
  color: #222326;
  vertical-align: text-top;
}

.c13 {
  font-size: 22px;
  line-height: 1.27;
  color: #4b4c5c;
  margin-top: 40px;
}

.c14 {
  font-family: Muli,sans-serif;
  font-size: 16px;
  font-weight: 300;
  line-height: 1.75;
  color: #838391;
}

.c12 {
  -webkit-flex-basis: 100%;
  -ms-flex-preferred-size: 100%;
  flex-basis: 100%;
}

.c2 {
  width: 66px;
  height: 66px;
}

.c7 {
  display: -webkit-box;
  display: -webkit-flex;
  display: -ms-flexbox;
  display: flex;
}

.c9 {
  position: relative;
  display: block;
  height: 24px;
  width: 40px;
}

.c10 {
  background: #A7ACB2;
  height: 8px;
  margin-top: 8px;
  width: 100%;
  border-radius: 3px;
}

.c11 {
  position: relative;
  z-index: 2;
  border-radius: 50%;
  -webkit-transition: 200ms ease-out;
  transition: 200ms ease-out;
  --toggle-bullet-size: 24px;
  --toggle-bullet-transform: translate(-1px,calc(-50% - 4px));
  --toggle-bullet-background: #CDD1D5;
  width: var(--toggle-bullet-size);
  height: var(--toggle-bullet-size);
  -webkit-transform: var(--toggle-bullet-transform);
  -ms-transform: var(--toggle-bullet-transform);
  transform: var(--toggle-bullet-transform);
  background-color: var(--toggle-bullet-background);
}

.c8 {
  color: #838391;
  font-size: 14px;
  font-family: Poppins,sans-serif;
  text-align: right;
  -webkit-letter-spacing: 0.4px;
  -moz-letter-spacing: 0.4px;
  -ms-letter-spacing: 0.4px;
  letter-spacing: 0.4px;
  text-transform: uppercase;
  margin: 4px 8px 0 0;
  opacity: 1;
  -webkit-transition: 100ms ease-out;
  transition: 100ms ease-out;
}

.c3 {
  width: 100%;
  height: 100%;
  fill: currentColor;
}

<div
  className="c0"
  id="mainToggle"
>
  <div
    className="c1"
  >
    <div
      className="c2"
    >
      <svg
        aria-hidden="true"
        className="c3"
        focusable="false"
        role={undefined}
        viewBox="0 0 32 32"
      >
        <g
          fill="none"
          fillRule="evenodd"
        >
          <path
            d="M11.7529 21.0875l3.469-5.945c.174-.298.475-.448.778-.448v-8.695c-.303 0-.604.15-.778.447l-11.098 19.025c-.174.299-.154.635-.006.897l7.608-4.437c-.123-.254-.135-.565.027-.844"
            fill="#FF5000"
          />
          <path
            d="M16.7783 15.1422l3.469 5.945c.162.28.15.59.027.844l7.608 4.438c.148-.263.167-.599-.006-.898l-11.098-19.024c-.174-.298-.476-.448-.778-.448v8.696c.302 0 .604.149.778.447"
            fill="#9E1F63"
          />
          <path
            d="M27.8818 26.3687l-7.607-4.437c-.143.292-.435.511-.807.511h-6.936c-.372 0-.664-.219-.806-.511l-7.608 4.437c.152.267.435.459.785.459h22.195c.349 0 .633-.192.784-.459"
            fill="#662D91"
          />
          <path
            d="M11.7256 21.9312c.143.293.435.512.807.512h6.935c.372 0 .664-.219.807-.512.123-.254.135-.564-.028-.844l-3.468-5.945c-.174-.298-.476-.447-.779-.447-.302 0-.604.149-.778.447l-3.469 5.945c-.162.28-.15.59-.027.844"
            fill="#FFF"
          />
        </g>
      </svg>
    </div>
    <div
      className="c4"
    >
      MISSING: braveRewards
       
      <span
        className="c5"
      >
        TM
      </span>
    </div>
  </div>
  <div
    className="c6"
  >
    <div
      className="c7"
      id={undefined}
    >
      <div
        checked={undefined}
        className="c8"
        disabled={undefined}
        size="large"
      >
        MISSING: off
      </div>
      <div
        className="c9"
        data-test-id="toggle"
        onClick={undefined}
        size="large"
      >
        <div
          className="c10"
          disabled={undefined}
          size="large"
        />
        <div
          checked={undefined}
          className="c11"
          disabled={undefined}
          size="large"
          type="dark"
        />
      </div>
    </div>
  </div>
  <div
    className="c12"
  >
    <div
      className="c13"
    >
      MISSING: rewardsWhy
    </div>
    <div
      className="c14"
    >
      MISSING: rewardsOffText1
       
      <br />
      <b>
        MISSING: rewardsOffText2
      </b>
    </div>
    <div
      className="c13"
    >
      MISSING: rewardsOffText3
    </div>
    <div
      className="c14"
    >
      MISSING: rewardsOffText4
    </div>
  </div>
</div>
`;
