// Jest Snapshot v1, https://goo.gl/fbAQLP

exports[`Tokens tests basic tests matches the snapshot 1`] = `
.c0 {
  --tokens-value-color: #4b4c5c;
  --tokens-text-size: 12px;
  --tokens-token-size: 14px;
  --tokens-tokenNum-size: 16px;
}

.c1 {
  font-family: Poppins,sans-serif;
  font-weight: 300;
  line-height: 1.4;
  color: #686978;
  display: inline-block;
}

.c2 {
  color: var(--tokens-value-color);
  font-size: var(--tokens-tokenNum-size);
  font-weight: 500;
}

.c3 {
  font-size: var(--tokens-token-size);
  font-weight: 300;
  display: inline-block;
  margin-left: 4px;
}

<div
  className="c0"
  color="default"
  id="tokens"
  size="normal"
>
  <span
    className="c1"
  >
    <span
      className="c2"
    >
      
      10.0
    </span>
    <span
      className="c3"
    >
      BAT
    </span>
  </span>
</div>
`;
