// Jest Snapshot v1, https://goo.gl/fbAQLP

exports[`Tip tests basic tests matches the snapshot 1`] = `
.c0 {
  border-radius: 8px;
  background-image: linear-gradient(148deg,#2825a7,#5465e8),linear-gradient(#696fdc,#696fdc);
  width: 214px;
  overflow: hidden;
  position: relative;
  padding: 16px 0 0;
  font-family: Poppins,sans-serif;
}

.c2 {
  font-size: 12px;
  line-height: 1.83;
  color: #fff;
  opacity: 0.6;
  padding-left: 23px;
}

.c8 {
  display: inline-block;
  margin-left: 33px;
  vertical-align: middle;
  padding-top: 2px;
}

.c7 {
  opacity: 0.65;
  font-size: 10px;
  line-height: 1.5;
  color: #fff;
}

.c1 {
  position: absolute;
  top: 16px;
  right: 16px;
  border: none;
  background: none;
  padding: 0;
  cursor: pointer;
}

.c6 {
  display: -webkit-box;
  display: -webkit-flex;
  display: -ms-flexbox;
  display: flex;
  max-width: 160px;
  margin-bottom: 7px;
}

.c3 {
  position: relative;
  font-family: Poppins,sans-serif;
  --donate-content-padding: 0 0 0 23px;
  --donate-send-bg: #392dd1;
  --donate-send-color: #fff;
  --donate-send-padding: 13px 0 13px 51px;
  --donate-funds-padding: 13px 0 14px 25px;
}

.c4 {
  padding: var(--donate-content-padding);
}

.c5 {
  font-size: 16px;
  font-weight: 600;
  line-height: 1.75;
  color: #fff;
  margin-bottom: 14px;
  white-space: nowrap;
  overflow: hidden;
  text-overflow: ellipsis;
  max-width: 167px;
}

.c14 {
  background: var(--donate-send-bg);
  font-size: 13px;
  font-weight: 600;
  -webkit-letter-spacing: 0.2px;
  -moz-letter-spacing: 0.2px;
  -ms-letter-spacing: 0.2px;
  letter-spacing: 0.2px;
  color: var(--donate-send-color);
  padding: var(--donate-send-padding);
  text-transform: uppercase;
  border: none;
  width: 100%;
  text-align: left;
  cursor: pointer;
}

.c15 {
  vertical-align: middle;
  display: inline-block;
  margin-right: 18px;
}

.c9 {
  display: -webkit-box;
  display: -webkit-flex;
  display: -ms-flexbox;
  display: flex;
}

.c11 {
  position: relative;
  display: block;
  height: 16px;
  width: 28px;
}

.c12 {
  background: #A7ACB2;
  height: 6px;
  margin-top: 5px;
  width: 100%;
  border-radius: 3px;
}

.c13 {
  position: relative;
  z-index: 2;
  border-radius: 50%;
  -webkit-transition: 200ms ease-out;
  transition: 200ms ease-out;
  --toggle-bullet-size: 16px;
  --toggle-bullet-transform: translate(-1px,calc(-50% - 3px));
  --toggle-bullet-background: #CDD1D5;
  width: var(--toggle-bullet-size);
  height: var(--toggle-bullet-size);
  -webkit-transform: var(--toggle-bullet-transform);
  -ms-transform: var(--toggle-bullet-transform);
  transform: var(--toggle-bullet-transform);
  background-color: var(--toggle-bullet-background);
}

.c10 {
  color: #838391;
  font-size: 12px;
  font-family: Poppins,sans-serif;
  text-align: right;
  -webkit-letter-spacing: 0.4px;
  -moz-letter-spacing: 0.4px;
  -ms-letter-spacing: 0.4px;
  letter-spacing: 0.4px;
  text-transform: uppercase;
  margin: 0px 8px 0 0;
  opacity: 1;
  -webkit-transition: 100ms ease-out;
  transition: 100ms ease-out;
}

<div
  className="c0"
  id="tip"
>
  <button
    className="c1"
    onClick={undefined}
  >
    <svg
      height="11"
      width="11"
      xmlns="http://www.w3.org/2000/svg"
    >
      <path
        d="M1.017 11l-.982-.971L4.551 5.48 0 .976.969 0l4.547 4.502L9.923.066l.985.975-4.407 4.436L11 9.932l-.969.977-4.499-4.456z"
        fill="#DFDFE8"
        fillRule="evenodd"
      />
    </svg>
  </button>
  <div
    className="c2"
  >
    Send my tip to
  </div>
  <div
    className="c3"
    disabled={false}
  >
    <div
      className="c4"
      id={undefined}
    >
      <div
        className="c5"
      >
        
      </div>
      <div
        className="c6"
      >
        <span
          className="c7"
        >
          MISSING: allowTip
           
        </span>
        <span
          className="c8"
        >
          <div
            className="c9"
            id={undefined}
          >
            <div
              checked={undefined}
              className="c10"
              disabled={undefined}
              size="small"
            >
              MISSING: off
            </div>
            <div
              className="c11"
              data-test-id="toggle"
              onClick={[Function]}
              size="small"
            >
              <div
                className="c12"
                disabled={undefined}
                size="small"
              />
              <div
                checked={undefined}
                className="c13"
                disabled={undefined}
                size="small"
                type="light"
              />
            </div>
          </div>
        </span>
      </div>
    </div>
    <button
      className="c14"
      onClick={[Function]}
    >
      <span
        className="c15"
      >
        <svg
          height="21"
          width="22"
          xmlns="http://www.w3.org/2000/svg"
        >
          <path
            d="M11.248 13.348L2.84 17.23l-1.2-14.418 9.607 10.536zm8.214-3.794l-6.818 3.148-9.088-9.968 15.906 6.82zm-7.73 8.182l-1.769-2.178 1.769-.817v2.995zm-10.265.66A.73.73 0 0 0 2.506 19l6.083-2.81 3.307 4.075a.731.731 0 0 0 .814.23.733.733 0 0 0 .489-.692v-5.74l8.374-3.867a.736.736 0 0 0-.017-1.342L1.036.056 1.018.048C1.008.044.995.048.984.044A.728.728 0 0 0 .688 0C.658.003.631.01.602.015a.694.694 0 0 0-.238.09C.344.117.32.115.3.13.292.136.288.149.279.157.266.169.249.172.236.183a.717.717 0 0 0-.23.567C.008.763-.001.773 0 .787l1.467 17.61z"
            fill="#a1a8f2"
            fillRule="evenodd"
          />
        </svg>
      </span>
      MISSING: sendTip
    </button>
  </div>
</div>
`;
