// Jest Snapshot v1, https://goo.gl/fbAQLP

exports[`Alert tests basic tests matches the snapshot 1`] = `
.c0 {
  height: 100%;
  display: -webkit-box;
  display: -webkit-flex;
  display: -ms-flexbox;
  display: flex;
  -webkit-box-pack: start;
  -webkit-justify-content: flex-start;
  -ms-flex-pack: start;
  justify-content: flex-start;
  -webkit-align-content: flex-start;
  -ms-flex-line-pack: start;
  align-content: flex-start;
  -webkit-align-items: center;
  -webkit-box-align: center;
  -ms-flex-align: center;
  align-items: center;
  -webkit-flex-wrap: nowrap;
  -ms-flex-wrap: nowrap;
  flex-wrap: nowrap;
  padding: 15px 38px 15px 19px;
  font-family: Poppins,sans-serif;
  width: 100%;
  --alert-wrapper-color: #fff;
  background: var(--alert-wrapper-color);
}

.c1 {
  width: 40px;
  height: 40px;
  -webkit-flex-basis: 40px;
  -ms-flex-preferred-size: 40px;
  flex-basis: 40px;
}

.c4 {
  -webkit-box-flex: 1;
  -webkit-flex-grow: 1;
  -ms-flex-positive: 1;
  flex-grow: 1;
  -webkit-flex-basis: 50%;
  -ms-flex-preferred-size: 50%;
  flex-basis: 50%;
  padding-left: 19px;
  font-family: Muli,sans-serif;
  font-size: 16px;
  font-weight: 300;
  -webkit-letter-spacing: -0.3px;
  -moz-letter-spacing: -0.3px;
  -ms-letter-spacing: -0.3px;
  letter-spacing: -0.3px;
  --alert-content-color: #838391;
  --alert-content-bold: #4b4c5c;
  color: var(--alert-content-color);
}

.c4 b {
  font-weight: 600;
  color: var(--alert-content-bold);
}

.c2 {
  color: #1BBA6A;
}

.c3 {
  width: 100%;
  height: 100%;
  fill: currentColor;
}

<div
  className="c0"
  id="alert"
  type="success"
>
  <span
    className="c1"
  >
    <div
      className="c2"
    >
      <svg
        aria-hidden="true"
        className="c3"
        focusable="false"
        role={undefined}
        viewBox="0 0 32 32"
      >
        <path
          d="M28 16c0 6.62628-5.37372 12-12 12-6.62762 0-12-5.37305-12-12S9.37238 4 16 4c6.62628 0 12 5.37372 12 12zm-2 0c0-5.52172-4.47828-10-10-10-5.523 0-10 4.47757-10 10s4.477 10 10 10c5.52172 0 10-4.47828 10-10zm-11.34858 2.89238l5.90398-7.5104c.34132-.43418.97-.50947 1.40418-.16815.43419.34132.50947.97.16815 1.40418l-6.55352 8.33668c-.35339.44954-1.0111.51176-1.44251.13645l-3.78804-3.29542c-.41668-.36249-.46061-.99412-.09812-1.4108.36249-.41668.99413-.4606 1.4108-.09812l2.99508 2.60558z"
        />
      </svg>
    </div>
  </span>
  <div
    className="c4"
    type="success"
  />
</div>
`;
