// Jest Snapshot v1, https://goo.gl/fbAQLP

exports[`Amount tests basic tests matches the snapshot 1`] = `
.c0 {
  margin-bottom: 8px;
  -webkit-user-select: none;
  -moz-user-select: none;
  -ms-user-select: none;
  user-select: none;
  font-family: Poppins,sans-serif;
  border: none;
  background: none;
  padding: 0;
  cursor: pointer;
  display: -webkit-box;
  display: -webkit-flex;
  display: -ms-flexbox;
  display: flex;
  -webkit-align-items: center;
  -webkit-box-align: center;
  -ms-flex-align: center;
  align-items: center;
}

.c1 {
  opacity: 1;
  border-radius: 20px;
  color: #fff;
  border: 1px solid rgba(255,255,255,0.35);
  background: transparent;
  vertical-align: baseline;
  padding: 0 12px;
  min-height: 32px;
  min-width: 69px;
  font-size: 13px;
  font-weight: 600;
  margin-right: 12px;
  display: -webkit-box;
  display: -webkit-flex;
  display: -ms-flexbox;
  display: flex;
  -webkit-align-items: center;
  -webkit-box-align: center;
  -ms-flex-align: center;
  align-items: center;
  -webkit-box-pack: center;
  -webkit-justify-content: center;
  -ms-flex-pack: center;
  justify-content: center;
}

.c4 {
  font-weight: 400;
  margin-left: 5px;
}

.c2 {
  margin-right: 6px;
  width: 23px;
}

.c5 {
  vertical-align: baseline;
  opacity: 0.4;
  font-size: 10px;
  color: #ffffff;
  font-weight: 500;
}

.c3 {
  width: 100%;
  height: 100%;
  fill: currentColor;
}

<button
  className="c0"
  id="amount"
  onClick={[Function]}
>
  <div
    className="c1"
    selected={undefined}
    type="small"
  >
    <div
      className="c2"
    >
      <svg
        aria-hidden="true"
        className="c3"
        focusable="false"
        role={undefined}
        viewBox="0 0 32 32"
      >
        <g
          fill="none"
          fillRule="evenodd"
        >
          <path
            d="M11.7529 21.0875l3.469-5.945c.174-.298.475-.448.778-.448v-8.695c-.303 0-.604.15-.778.447l-11.098 19.025c-.174.299-.154.635-.006.897l7.608-4.437c-.123-.254-.135-.565.027-.844"
            fill="#FF5000"
          />
          <path
            d="M16.7783 15.1422l3.469 5.945c.162.28.15.59.027.844l7.608 4.438c.148-.263.167-.599-.006-.898l-11.098-19.024c-.174-.298-.476-.448-.778-.448v8.696c.302 0 .604.149.778.447"
            fill="#9E1F63"
          />
          <path
            d="M27.8818 26.3687l-7.607-4.437c-.143.292-.435.511-.807.511h-6.936c-.372 0-.664-.219-.806-.511l-7.608 4.437c.152.267.435.459.785.459h22.195c.349 0 .633-.192.784-.459"
            fill="#662D91"
          />
          <path
            d="M11.7256 21.9312c.143.293.435.512.807.512h6.935c.372 0 .664-.219.807-.512.123-.254.135-.564-.028-.844l-3.468-5.945c-.174-.298-.476-.447-.779-.447-.302 0-.604.149-.778.447l-3.469 5.945c-.162.28-.15.59-.027.844"
            fill="#FFF"
          />
        </g>
      </svg>
    </div>
    1
    <div
      className="c4"
    />
  </div>
  <div
    className="c5"
    selected={undefined}
    type="small"
  >
    MISSING: about
     
    0.40
     
    USD
  </div>
</button>
`;
